Archive member included to satisfy reference by file (symbol)

c:/st/stm32cubeide_1.3.0/stm32cubeide/plugins/com.st.stm32cube.ide.mcu.externaltools.gnu-tools-for-stm32.7-2018-q2-update.win32_1.0.0.201904181610/tools/bin/../lib/gcc/arm-none-eabi/7.3.1/../../../../arm-none-eabi/lib/thumb/v7-m\libc_nano.a(lib_a-errno.o)
                              Core/Src/syscalls.o (__errno)
c:/st/stm32cubeide_1.3.0/stm32cubeide/plugins/com.st.stm32cube.ide.mcu.externaltools.gnu-tools-for-stm32.7-2018-q2-update.win32_1.0.0.201904181610/tools/bin/../lib/gcc/arm-none-eabi/7.3.1/../../../../arm-none-eabi/lib/thumb/v7-m\libc_nano.a(lib_a-exit.o)
                              c:/st/stm32cubeide_1.3.0/stm32cubeide/plugins/com.st.stm32cube.ide.mcu.externaltools.gnu-tools-for-stm32.7-2018-q2-update.win32_1.0.0.201904181610/tools/bin/../lib/gcc/arm-none-eabi/7.3.1/../../../../arm-none-eabi/lib/thumb/v7-m/crt0.o (exit)
c:/st/stm32cubeide_1.3.0/stm32cubeide/plugins/com.st.stm32cube.ide.mcu.externaltools.gnu-tools-for-stm32.7-2018-q2-update.win32_1.0.0.201904181610/tools/bin/../lib/gcc/arm-none-eabi/7.3.1/../../../../arm-none-eabi/lib/thumb/v7-m\libc_nano.a(lib_a-impure.o)
                              c:/st/stm32cubeide_1.3.0/stm32cubeide/plugins/com.st.stm32cube.ide.mcu.externaltools.gnu-tools-for-stm32.7-2018-q2-update.win32_1.0.0.201904181610/tools/bin/../lib/gcc/arm-none-eabi/7.3.1/../../../../arm-none-eabi/lib/thumb/v7-m\libc_nano.a(lib_a-exit.o) (_global_impure_ptr)
c:/st/stm32cubeide_1.3.0/stm32cubeide/plugins/com.st.stm32cube.ide.mcu.externaltools.gnu-tools-for-stm32.7-2018-q2-update.win32_1.0.0.201904181610/tools/bin/../lib/gcc/arm-none-eabi/7.3.1/../../../../arm-none-eabi/lib/thumb/v7-m\libc_nano.a(lib_a-init.o)
                              c:/st/stm32cubeide_1.3.0/stm32cubeide/plugins/com.st.stm32cube.ide.mcu.externaltools.gnu-tools-for-stm32.7-2018-q2-update.win32_1.0.0.201904181610/tools/bin/../lib/gcc/arm-none-eabi/7.3.1/../../../../arm-none-eabi/lib/thumb/v7-m/crt0.o (__libc_init_array)
c:/st/stm32cubeide_1.3.0/stm32cubeide/plugins/com.st.stm32cube.ide.mcu.externaltools.gnu-tools-for-stm32.7-2018-q2-update.win32_1.0.0.201904181610/tools/bin/../lib/gcc/arm-none-eabi/7.3.1/../../../../arm-none-eabi/lib/thumb/v7-m\libc_nano.a(lib_a-memset.o)
                              c:/st/stm32cubeide_1.3.0/stm32cubeide/plugins/com.st.stm32cube.ide.mcu.externaltools.gnu-tools-for-stm32.7-2018-q2-update.win32_1.0.0.201904181610/tools/bin/../lib/gcc/arm-none-eabi/7.3.1/../../../../arm-none-eabi/lib/thumb/v7-m/crt0.o (memset)

Allocating common symbols
Common symbol       size              file

hUsbDeviceFS        0x2c4             USB_DEVICE/App/usb_device.o
Current_Address     0x4               Core/Src/Memory.o
uwTick              0x4               Drivers/STM32F1xx_HAL_Driver/Src/stm32f1xx_hal.o
pFlash              0x20              Drivers/STM32F1xx_HAL_Driver/Src/stm32f1xx_hal_flash.o
UserRxBufferFS      0x40              USB_DEVICE/App/usbd_cdc_if.o
Jump_To_Application
                    0x4               Core/Src/main.o
UserTxBufferFS      0x40              USB_DEVICE/App/usbd_cdc_if.o
Convert             0x4               Core/Src/Memory.o
app_jump_address    0x4               Core/Src/main.o
hpcd_USB_FS         0x2ec             USB_DEVICE/Target/usbd_conf.o
USBD_StrDesc        0x200             USB_DEVICE/App/usbd_desc.o

Discarded input sections

 .text          0x0000000000000000        0x0 c:/st/stm32cubeide_1.3.0/stm32cubeide/plugins/com.st.stm32cube.ide.mcu.externaltools.gnu-tools-for-stm32.7-2018-q2-update.win32_1.0.0.201904181610/tools/bin/../lib/gcc/arm-none-eabi/7.3.1/thumb/v7-m/crti.o
 .data          0x0000000000000000        0x0 c:/st/stm32cubeide_1.3.0/stm32cubeide/plugins/com.st.stm32cube.ide.mcu.externaltools.gnu-tools-for-stm32.7-2018-q2-update.win32_1.0.0.201904181610/tools/bin/../lib/gcc/arm-none-eabi/7.3.1/thumb/v7-m/crti.o
 .bss           0x0000000000000000        0x0 c:/st/stm32cubeide_1.3.0/stm32cubeide/plugins/com.st.stm32cube.ide.mcu.externaltools.gnu-tools-for-stm32.7-2018-q2-update.win32_1.0.0.201904181610/tools/bin/../lib/gcc/arm-none-eabi/7.3.1/thumb/v7-m/crti.o
 .data          0x0000000000000000        0x4 c:/st/stm32cubeide_1.3.0/stm32cubeide/plugins/com.st.stm32cube.ide.mcu.externaltools.gnu-tools-for-stm32.7-2018-q2-update.win32_1.0.0.201904181610/tools/bin/../lib/gcc/arm-none-eabi/7.3.1/thumb/v7-m/crtbegin.o
 .text          0x0000000000000000       0x74 c:/st/stm32cubeide_1.3.0/stm32cubeide/plugins/com.st.stm32cube.ide.mcu.externaltools.gnu-tools-for-stm32.7-2018-q2-update.win32_1.0.0.201904181610/tools/bin/../lib/gcc/arm-none-eabi/7.3.1/../../../../arm-none-eabi/lib/thumb/v7-m/crt0.o
 .data          0x0000000000000000        0x0 c:/st/stm32cubeide_1.3.0/stm32cubeide/plugins/com.st.stm32cube.ide.mcu.externaltools.gnu-tools-for-stm32.7-2018-q2-update.win32_1.0.0.201904181610/tools/bin/../lib/gcc/arm-none-eabi/7.3.1/../../../../arm-none-eabi/lib/thumb/v7-m/crt0.o
[...]
Memory Configuration

Name             Origin             Length             Attributes
RAM              0x0000000020000000 0x0000000000005000 xrw
FLASH            0x0000000008000000 0x0000000000010000 xr
*default*        0x0000000000000000 0xffffffffffffffff

Linker script and memory map

LOAD c:/st/stm32cubeide_1.3.0/stm32cubeide/plugins/com.st.stm32cube.ide.mcu.externaltools.gnu-tools-for-stm32.7-2018-q2-update.win32_1.0.0.201904181610/tools/bin/../lib/gcc/arm-none-eabi/7.3.1/thumb/v7-m/crti.o
LOAD c:/st/stm32cubeide_1.3.0/stm32cubeide/plugins/com.st.stm32cube.ide.mcu.externaltools.gnu-tools-for-stm32.7-2018-q2-update.win32_1.0.0.201904181610/tools/bin/../lib/gcc/arm-none-eabi/7.3.1/thumb/v7-m/crtbegin.o
LOAD c:/st/stm32cubeide_1.3.0/stm32cubeide/plugins/com.st.stm32cube.ide.mcu.externaltools.gnu-tools-for-stm32.7-2018-q2-update.win32_1.0.0.201904181610/tools/bin/../lib/gcc/arm-none-eabi/7.3.1/../../../../arm-none-eabi/lib/thumb/v7-m/crt0.o
LOAD Core/Src/Memory.o
LOAD Core/Src/main.o
LOAD Core/Src/stm32f1xx_hal_msp.o
LOAD Core/Src/stm32f1xx_it.o
LOAD Core/Src/syscalls.o
LOAD Core/Src/sysmem.o
LOAD Core/Src/system_stm32f1xx.o
LOAD Core/Startup/startup_stm32f103c8tx.o
LOAD Drivers/STM32F1xx_HAL_Driver/Src/stm32f1xx_hal.o
LOAD Drivers/STM32F1xx_HAL_Driver/Src/stm32f1xx_hal_cortex.o
LOAD Drivers/STM32F1xx_HAL_Driver/Src/stm32f1xx_hal_dma.o
LOAD Drivers/STM32F1xx_HAL_Driver/Src/stm32f1xx_hal_exti.o
LOAD Drivers/STM32F1xx_HAL_Driver/Src/stm32f1xx_hal_flash.o
LOAD Drivers/STM32F1xx_HAL_Driver/Src/stm32f1xx_hal_flash_ex.o
LOAD Drivers/STM32F1xx_HAL_Driver/Src/stm32f1xx_hal_gpio.o
LOAD Drivers/STM32F1xx_HAL_Driver/Src/stm32f1xx_hal_gpio_ex.o
LOAD Drivers/STM32F1xx_HAL_Driver/Src/stm32f1xx_hal_pcd.o
LOAD Drivers/STM32F1xx_HAL_Driver/Src/stm32f1xx_hal_pcd_ex.o
LOAD Drivers/STM32F1xx_HAL_Driver/Src/stm32f1xx_hal_pwr.o
LOAD Drivers/STM32F1xx_HAL_Driver/Src/stm32f1xx_hal_rcc.o
LOAD Drivers/STM32F1xx_HAL_Driver/Src/stm32f1xx_hal_rcc_ex.o
LOAD Drivers/STM32F1xx_HAL_Driver/Src/stm32f1xx_hal_tim.o
LOAD Drivers/STM32F1xx_HAL_Driver/Src/stm32f1xx_hal_tim_ex.o
LOAD Drivers/STM32F1xx_HAL_Driver/Src/stm32f1xx_ll_usb.o
LOAD Middlewares/ST/STM32_USB_Device_Library/Class/CDC/Src/usbd_cdc.o
LOAD Middlewares/ST/STM32_USB_Device_Library/Core/Src/usbd_core.o
LOAD Middlewares/ST/STM32_USB_Device_Library/Core/Src/usbd_ctlreq.o
LOAD Middlewares/ST/STM32_USB_Device_Library/Core/Src/usbd_ioreq.o
LOAD USB_DEVICE/App/usb_device.o
LOAD USB_DEVICE/App/usbd_cdc_if.o
LOAD USB_DEVICE/App/usbd_desc.o
LOAD USB_DEVICE/Target/usbd_conf.o
START GROUP
LOAD c:/st/stm32cubeide_1.3.0/stm32cubeide/plugins/com.st.stm32cube.ide.mcu.externaltools.gnu-tools-for-stm32.7-2018-q2-update.win32_1.0.0.201904181610/tools/bin/../lib/gcc/arm-none-eabi/7.3.1/../../../../arm-none-eabi/lib/thumb/v7-m\libc_nano.a
LOAD c:/st/stm32cubeide_1.3.0/stm32cubeide/plugins/com.st.stm32cube.ide.mcu.externaltools.gnu-tools-for-stm32.7-2018-q2-update.win32_1.0.0.201904181610/tools/bin/../lib/gcc/arm-none-eabi/7.3.1/../../../../arm-none-eabi/lib/thumb/v7-m\libm.a
END GROUP
START GROUP
LOAD c:/st/stm32cubeide_1.3.0/stm32cubeide/plugins/com.st.stm32cube.ide.mcu.externaltools.gnu-tools-for-stm32.7-2018-q2-update.win32_1.0.0.201904181610/tools/bin/../lib/gcc/arm-none-eabi/7.3.1/thumb/v7-m\libgcc.a
LOAD c:/st/stm32cubeide_1.3.0/stm32cubeide/plugins/com.st.stm32cube.ide.mcu.externaltools.gnu-tools-for-stm32.7-2018-q2-update.win32_1.0.0.201904181610/tools/bin/../lib/gcc/arm-none-eabi/7.3.1/../../../../arm-none-eabi/lib/thumb/v7-m\libc_nano.a
END GROUP
START GROUP
LOAD c:/st/stm32cubeide_1.3.0/stm32cubeide/plugins/com.st.stm32cube.ide.mcu.externaltools.gnu-tools-for-stm32.7-2018-q2-update.win32_1.0.0.201904181610/tools/bin/../lib/gcc/arm-none-eabi/7.3.1/thumb/v7-m\libgcc.a
LOAD c:/st/stm32cubeide_1.3.0/stm32cubeide/plugins/com.st.stm32cube.ide.mcu.externaltools.gnu-tools-for-stm32.7-2018-q2-update.win32_1.0.0.201904181610/tools/bin/../lib/gcc/arm-none-eabi/7.3.1/../../../../arm-none-eabi/lib/thumb/v7-m\libc_nano.a
LOAD c:/st/stm32cubeide_1.3.0/stm32cubeide/plugins/com.st.stm32cube.ide.mcu.externaltools.gnu-tools-for-stm32.7-2018-q2-update.win32_1.0.0.201904181610/tools/bin/../lib/gcc/arm-none-eabi/7.3.1/../../../../arm-none-eabi/lib/thumb/v7-m\libnosys.a
END GROUP
START GROUP
LOAD c:/st/stm32cubeide_1.3.0/stm32cubeide/plugins/com.st.stm32cube.ide.mcu.externaltools.gnu-tools-for-stm32.7-2018-q2-update.win32_1.0.0.201904181610/tools/bin/../lib/gcc/arm-none-eabi/7.3.1/thumb/v7-m\libgcc.a
LOAD c:/st/stm32cubeide_1.3.0/stm32cubeide/plugins/com.st.stm32cube.ide.mcu.externaltools.gnu-tools-for-stm32.7-2018-q2-update.win32_1.0.0.201904181610/tools/bin/../lib/gcc/arm-none-eabi/7.3.1/../../../../arm-none-eabi/lib/thumb/v7-m\libc_nano.a
LOAD c:/st/stm32cubeide_1.3.0/stm32cubeide/plugins/com.st.stm32cube.ide.mcu.externaltools.gnu-tools-for-stm32.7-2018-q2-update.win32_1.0.0.201904181610/tools/bin/../lib/gcc/arm-none-eabi/7.3.1/../../../../arm-none-eabi/lib/thumb/v7-m\libnosys.a
END GROUP
LOAD c:/st/stm32cubeide_1.3.0/stm32cubeide/plugins/com.st.stm32cube.ide.mcu.externaltools.gnu-tools-for-stm32.7-2018-q2-update.win32_1.0.0.201904181610/tools/bin/../lib/gcc/arm-none-eabi/7.3.1/thumb/v7-m/crtend.o
LOAD c:/st/stm32cubeide_1.3.0/stm32cubeide/plugins/com.st.stm32cube.ide.mcu.externaltools.gnu-tools-for-stm32.7-2018-q2-update.win32_1.0.0.201904181610/tools/bin/../lib/gcc/arm-none-eabi/7.3.1/thumb/v7-m/crtn.o
                0x0000000020005000                _estack = (ORIGIN (RAM) + LENGTH (RAM))
                0x0000000000000200                _Min_Heap_Size = 0x200
                0x0000000000000400                _Min_Stack_Size = 0x400

.isr_vector     0x0000000008000000      0x10c
                0x0000000008000000                . = ALIGN (0x4)
 *(.isr_vector)
 .isr_vector    0x0000000008000000      0x10c Core/Startup/startup_stm32f103c8tx.o
                0x0000000008000000                g_pfnVectors
                0x000000000800010c                . = ALIGN (0x4)

.text           0x000000000800010c     0x37ec
                0x000000000800010c                . = ALIGN (0x4)
 *(.text)
 .text          0x000000000800010c       0x40 c:/st/stm32cubeide_1.3.0/stm32cubeide/plugins/com.st.stm32cube.ide.mcu.externaltools.gnu-tools-for-stm32.7-2018-q2-update.win32_1.0.0.201904181610/tools/bin/../lib/gcc/arm-none-eabi/7.3.1/thumb/v7-m/crtbegin.o
 *(.text*)
 .text.Start_Flash_Programm
                0x000000000800014c       0x28 Core/Src/Memory.o
                0x000000000800014c                Start_Flash_Programm
 .text.Flash_Programm
                0x0000000008000174       0x5c Core/Src/Memory.o
                0x0000000008000174                Flash_Programm
 .text.Stop_Flash_Programm
                0x00000000080001d0       0x2c Core/Src/Memory.o
                0x00000000080001d0                Stop_Flash_Programm
 .text.Erase_Application
                0x00000000080001fc       0x44 Core/Src/Memory.o
                0x00000000080001fc                Erase_Application
 .text.Start_Flash_Read
                0x0000000008000240       0x34 Core/Src/Memory.o
                0x0000000008000240                Start_Flash_Read
 .text.Stop_Flash_Read
                0x0000000008000274       0x34 Core/Src/Memory.o
                0x0000000008000274                Stop_Flash_Read
 .text.Flash_Read
                0x00000000080002a8       0x74 Core/Src/Memory.o
                0x00000000080002a8                Flash_Read
 .text.Decode_USB_Packet
                0x000000000800031c       0x54 Core/Src/Memory.o
                0x000000000800031c                Decode_USB_Packet
 .text.SystemClock_Config
                0x0000000008000370       0x6e Core/Src/main.o
                0x0000000008000370                SystemClock_Config
 *fill*         0x00000000080003de        0x2 
 .text.startup.main
                0x00000000080003e0       0xf4 Core/Src/main.o
                0x00000000080003e0                main
 .text.Error_Handler
                0x00000000080004d4        0x2 Core/Src/main.o
                0x00000000080004d4                Error_Handler
 *fill*         0x00000000080004d6        0x2 
 .text.HAL_MspInit
                0x00000000080004d8       0x44 Core/Src/stm32f1xx_hal_msp.o
                0x00000000080004d8                HAL_MspInit
 .text.NMI_Handler
                0x000000000800051c        0x2 Core/Src/stm32f1xx_it.o
                0x000000000800051c                NMI_Handler
 .text.HardFault_Handler
                0x000000000800051e        0x2 Core/Src/stm32f1xx_it.o
                0x000000000800051e                HardFault_Handler
 .text.MemManage_Handler
                0x0000000008000520        0x2 Core/Src/stm32f1xx_it.o
                0x0000000008000520                MemManage_Handler
 .text.BusFault_Handler
                0x0000000008000522        0x2 Core/Src/stm32f1xx_it.o
                0x0000000008000522                BusFault_Handler
 .text.UsageFault_Handler
                0x0000000008000524        0x2 Core/Src/stm32f1xx_it.o
                0x0000000008000524                UsageFault_Handler
 .text.SVC_Handler
                0x0000000008000526        0x2 Core/Src/stm32f1xx_it.o
                0x0000000008000526                SVC_Handler
 .text.DebugMon_Handler
                0x0000000008000528        0x2 Core/Src/stm32f1xx_it.o
                0x0000000008000528                DebugMon_Handler
 .text.PendSV_Handler
                0x000000000800052a        0x2 Core/Src/stm32f1xx_it.o
                0x000000000800052a                PendSV_Handler
 .text.SysTick_Handler
                0x000000000800052c        0x4 Core/Src/stm32f1xx_it.o
                0x000000000800052c                SysTick_Handler
 .text.USB_LP_CAN1_RX0_IRQHandler
                0x0000000008000530        0xc Core/Src/stm32f1xx_it.o
                0x0000000008000530                USB_LP_CAN1_RX0_IRQHandler
 .text.SystemInit
                0x000000000800053c        0x2 Core/Src/system_stm32f1xx.o
                0x000000000800053c                SystemInit
 *fill*         0x000000000800053e        0x2 
 .text.Reset_Handler
                0x0000000008000540       0x48 Core/Startup/startup_stm32f103c8tx.o
                0x0000000008000540                Reset_Handler
 .text.Default_Handler
                0x0000000008000588        0x2 Core/Startup/startup_stm32f103c8tx.o
                0x0000000008000588                RTC_Alarm_IRQHandler
                0x0000000008000588                EXTI2_IRQHandler
                0x0000000008000588                TIM1_CC_IRQHandler
                0x0000000008000588                PVD_IRQHandler
                0x0000000008000588                EXTI3_IRQHandler
                0x0000000008000588                EXTI0_IRQHandler
                0x0000000008000588                I2C2_EV_IRQHandler
                0x0000000008000588                ADC1_2_IRQHandler
                0x0000000008000588                SPI1_IRQHandler
                0x0000000008000588                TAMPER_IRQHandler
                0x0000000008000588                DMA1_Channel4_IRQHandler
                0x0000000008000588                USART3_IRQHandler
                0x0000000008000588                RTC_IRQHandler
                0x0000000008000588                DMA1_Channel7_IRQHandler
                0x0000000008000588                CAN1_RX1_IRQHandler
                0x0000000008000588                TIM4_IRQHandler
                0x0000000008000588                I2C1_EV_IRQHandler
                0x0000000008000588                DMA1_Channel6_IRQHandler
                0x0000000008000588                TIM3_IRQHandler
                0x0000000008000588                RCC_IRQHandler
                0x0000000008000588                TIM1_TRG_COM_IRQHandler
                0x0000000008000588                DMA1_Channel1_IRQHandler
                0x0000000008000588                Default_Handler
                0x0000000008000588                EXTI15_10_IRQHandler
                0x0000000008000588                EXTI9_5_IRQHandler
                0x0000000008000588                SPI2_IRQHandler
                0x0000000008000588                DMA1_Channel5_IRQHandler
                0x0000000008000588                EXTI4_IRQHandler
                0x0000000008000588                USB_HP_CAN1_TX_IRQHandler
                0x0000000008000588                DMA1_Channel3_IRQHandler
                0x0000000008000588                TIM1_UP_IRQHandler
                0x0000000008000588                WWDG_IRQHandler
                0x0000000008000588                TIM2_IRQHandler
                0x0000000008000588                TIM1_BRK_IRQHandler
                0x0000000008000588                EXTI1_IRQHandler
                0x0000000008000588                USART2_IRQHandler
                0x0000000008000588                I2C2_ER_IRQHandler
                0x0000000008000588                DMA1_Channel2_IRQHandler
                0x0000000008000588                CAN1_SCE_IRQHandler
                0x0000000008000588                FLASH_IRQHandler
                0x0000000008000588                USART1_IRQHandler
                0x0000000008000588                I2C1_ER_IRQHandler
                0x0000000008000588                USBWakeUp_IRQHandler
 *fill*         0x000000000800058a        0x2 
 .text.HAL_InitTick
                0x000000000800058c       0x48 Drivers/STM32F1xx_HAL_Driver/Src/stm32f1xx_hal.o
                0x000000000800058c                HAL_InitTick
 .text.HAL_Init
                0x00000000080005d4       0x24 Drivers/STM32F1xx_HAL_Driver/Src/stm32f1xx_hal.o
                0x00000000080005d4                HAL_Init
 .text.HAL_IncTick
                0x00000000080005f8       0x18 Drivers/STM32F1xx_HAL_Driver/Src/stm32f1xx_hal.o
                0x00000000080005f8                HAL_IncTick
 .text.HAL_GetTick
                0x0000000008000610        0xc Drivers/STM32F1xx_HAL_Driver/Src/stm32f1xx_hal.o
                0x0000000008000610                HAL_GetTick
 .text.HAL_Delay
                0x000000000800061c       0x24 Drivers/STM32F1xx_HAL_Driver/Src/stm32f1xx_hal.o
                0x000000000800061c                HAL_Delay
 .text.HAL_NVIC_SetPriorityGrouping
                0x0000000008000640       0x24 Drivers/STM32F1xx_HAL_Driver/Src/stm32f1xx_hal_cortex.o
                0x0000000008000640                HAL_NVIC_SetPriorityGrouping
 .text.HAL_NVIC_SetPriority
                0x0000000008000664       0x68 Drivers/STM32F1xx_HAL_Driver/Src/stm32f1xx_hal_cortex.o
                0x0000000008000664                HAL_NVIC_SetPriority
 .text.HAL_NVIC_EnableIRQ
                0x00000000080006cc       0x1c Drivers/STM32F1xx_HAL_Driver/Src/stm32f1xx_hal_cortex.o
                0x00000000080006cc                HAL_NVIC_EnableIRQ
 .text.HAL_SYSTICK_Config
                0x00000000080006e8       0x2c Drivers/STM32F1xx_HAL_Driver/Src/stm32f1xx_hal_cortex.o
                0x00000000080006e8                HAL_SYSTICK_Config
 .text.FLASH_SetErrorCode
                0x0000000008000714       0x50 Drivers/STM32F1xx_HAL_Driver/Src/stm32f1xx_hal_flash.o
 .text.HAL_FLASH_Unlock
                0x0000000008000764       0x24 Drivers/STM32F1xx_HAL_Driver/Src/stm32f1xx_hal_flash.o
                0x0000000008000764                HAL_FLASH_Unlock
 .text.HAL_FLASH_Lock
                0x0000000008000788       0x14 Drivers/STM32F1xx_HAL_Driver/Src/stm32f1xx_hal_flash.o
                0x0000000008000788                HAL_FLASH_Lock
 .text.FLASH_WaitForLastOperation
                0x000000000800079c       0x54 Drivers/STM32F1xx_HAL_Driver/Src/stm32f1xx_hal_flash.o
                0x000000000800079c                FLASH_WaitForLastOperation
 .text.HAL_FLASH_Program
                0x00000000080007f0       0xa0 Drivers/STM32F1xx_HAL_Driver/Src/stm32f1xx_hal_flash.o
                0x00000000080007f0                HAL_FLASH_Program
 .text.FLASH_MassErase.isra.0
                0x0000000008000890       0x24 Drivers/STM32F1xx_HAL_Driver/Src/stm32f1xx_hal_flash_ex.o
 .text.FLASH_PageErase
                0x00000000080008b4       0x24 Drivers/STM32F1xx_HAL_Driver/Src/stm32f1xx_hal_flash_ex.o
                0x00000000080008b4                FLASH_PageErase
 .text.HAL_FLASHEx_Erase
                0x00000000080008d8       0x98 Drivers/STM32F1xx_HAL_Driver/Src/stm32f1xx_hal_flash_ex.o
                0x00000000080008d8                HAL_FLASHEx_Erase
 .text.HAL_GPIO_Init
                0x0000000008000970      0x1c0 Drivers/STM32F1xx_HAL_Driver/Src/stm32f1xx_hal_gpio.o
                0x0000000008000970                HAL_GPIO_Init
 .text.HAL_GPIO_ReadPin
                0x0000000008000b30        0xc Drivers/STM32F1xx_HAL_Driver/Src/stm32f1xx_hal_gpio.o
                0x0000000008000b30                HAL_GPIO_ReadPin
 .text.HAL_GPIO_WritePin
                0x0000000008000b3c        0xa Drivers/STM32F1xx_HAL_Driver/Src/stm32f1xx_hal_gpio.o
                0x0000000008000b3c                HAL_GPIO_WritePin
 .text.HAL_PCD_Init
                0x0000000008000b46       0xf0 Drivers/STM32F1xx_HAL_Driver/Src/stm32f1xx_hal_pcd.o
                0x0000000008000b46                HAL_PCD_Init
 .text.HAL_PCD_Start
                0x0000000008000c36       0x32 Drivers/STM32F1xx_HAL_Driver/Src/stm32f1xx_hal_pcd.o
                0x0000000008000c36                HAL_PCD_Start
 .text.HAL_PCD_SetAddress
                0x0000000008000c68       0x28 Drivers/STM32F1xx_HAL_Driver/Src/stm32f1xx_hal_pcd.o
                0x0000000008000c68                HAL_PCD_SetAddress
 .text.HAL_PCD_IRQHandler
                0x0000000008000c90      0x96c Drivers/STM32F1xx_HAL_Driver/Src/stm32f1xx_hal_pcd.o
                0x0000000008000c90                HAL_PCD_IRQHandler
 .text.HAL_PCD_EP_Open
                0x00000000080015fc       0x64 Drivers/STM32F1xx_HAL_Driver/Src/stm32f1xx_hal_pcd.o
                0x00000000080015fc                HAL_PCD_EP_Open
 .text.HAL_PCD_EP_Close
                0x0000000008001660       0x52 Drivers/STM32F1xx_HAL_Driver/Src/stm32f1xx_hal_pcd.o
                0x0000000008001660                HAL_PCD_EP_Close
 .text.HAL_PCD_EP_Receive
                0x00000000080016b2       0x32 Drivers/STM32F1xx_HAL_Driver/Src/stm32f1xx_hal_pcd.o
                0x00000000080016b2                HAL_PCD_EP_Receive
 .text.HAL_PCD_EP_GetRxCount
                0x00000000080016e4       0x10 Drivers/STM32F1xx_HAL_Driver/Src/stm32f1xx_hal_pcd.o
                0x00000000080016e4                HAL_PCD_EP_GetRxCount
 .text.HAL_PCD_EP_Transmit
                0x00000000080016f4       0x34 Drivers/STM32F1xx_HAL_Driver/Src/stm32f1xx_hal_pcd.o
                0x00000000080016f4                HAL_PCD_EP_Transmit
 .text.HAL_PCD_EP_SetStall
                0x0000000008001728       0x68 Drivers/STM32F1xx_HAL_Driver/Src/stm32f1xx_hal_pcd.o
                0x0000000008001728                HAL_PCD_EP_SetStall
 .text.HAL_PCD_EP_ClrStall
                0x0000000008001790       0x64 Drivers/STM32F1xx_HAL_Driver/Src/stm32f1xx_hal_pcd.o
                0x0000000008001790                HAL_PCD_EP_ClrStall
 .text.HAL_PCDEx_PMAConfig
                0x00000000080017f4       0x36 Drivers/STM32F1xx_HAL_Driver/Src/stm32f1xx_hal_pcd_ex.o
                0x00000000080017f4                HAL_PCDEx_PMAConfig
 *fill*         0x000000000800182a        0x2 
 .text.HAL_RCC_OscConfig
                0x000000000800182c      0x33c Drivers/STM32F1xx_HAL_Driver/Src/stm32f1xx_hal_rcc.o
                0x000000000800182c                HAL_RCC_OscConfig
 .text.HAL_RCC_GetSysClockFreq
                0x0000000008001b68       0x74 Drivers/STM32F1xx_HAL_Driver/Src/stm32f1xx_hal_rcc.o
                0x0000000008001b68                HAL_RCC_GetSysClockFreq
 .text.HAL_RCC_ClockConfig
                0x0000000008001bdc      0x138 Drivers/STM32F1xx_HAL_Driver/Src/stm32f1xx_hal_rcc.o
                0x0000000008001bdc                HAL_RCC_ClockConfig
 .text.HAL_RCCEx_PeriphCLKConfig
                0x0000000008001d14       0xf0 Drivers/STM32F1xx_HAL_Driver/Src/stm32f1xx_hal_rcc_ex.o
                0x0000000008001d14                HAL_RCCEx_PeriphCLKConfig
 .text.USB_CoreInit
                0x0000000008001e04        0xe Drivers/STM32F1xx_HAL_Driver/Src/stm32f1xx_ll_usb.o
                0x0000000008001e04                USB_CoreInit
 .text.USB_EnableGlobalInt
                0x0000000008001e12       0x12 Drivers/STM32F1xx_HAL_Driver/Src/stm32f1xx_ll_usb.o
                0x0000000008001e12                USB_EnableGlobalInt
 .text.USB_DisableGlobalInt
                0x0000000008001e24       0x14 Drivers/STM32F1xx_HAL_Driver/Src/stm32f1xx_ll_usb.o
                0x0000000008001e24                USB_DisableGlobalInt
 .text.USB_SetCurrentMode
                0x0000000008001e38        0x4 Drivers/STM32F1xx_HAL_Driver/Src/stm32f1xx_ll_usb.o
                0x0000000008001e38                USB_SetCurrentMode
 .text.USB_DevInit
                0x0000000008001e3c       0x28 Drivers/STM32F1xx_HAL_Driver/Src/stm32f1xx_ll_usb.o
                0x0000000008001e3c                USB_DevInit
 .text.USB_ActivateEndpoint
                0x0000000008001e64      0x27c Drivers/STM32F1xx_HAL_Driver/Src/stm32f1xx_ll_usb.o
                0x0000000008001e64                USB_ActivateEndpoint
 .text.USB_DeactivateEndpoint
                0x00000000080020e0      0x18c Drivers/STM32F1xx_HAL_Driver/Src/stm32f1xx_ll_usb.o
                0x00000000080020e0                USB_DeactivateEndpoint
 .text.USB_EPSetStall
                0x000000000800226c       0x38 Drivers/STM32F1xx_HAL_Driver/Src/stm32f1xx_ll_usb.o
                0x000000000800226c                USB_EPSetStall
 .text.USB_EPClearStall
                0x00000000080022a4       0x86 Drivers/STM32F1xx_HAL_Driver/Src/stm32f1xx_ll_usb.o
                0x00000000080022a4                USB_EPClearStall
 .text.USB_SetDevAddress
                0x000000000800232a        0xc Drivers/STM32F1xx_HAL_Driver/Src/stm32f1xx_ll_usb.o
                0x000000000800232a                USB_SetDevAddress
 .text.USB_DevConnect
                0x0000000008002336        0x4 Drivers/STM32F1xx_HAL_Driver/Src/stm32f1xx_ll_usb.o
                0x0000000008002336                USB_DevConnect
 .text.USB_DevDisconnect
                0x000000000800233a        0x4 Drivers/STM32F1xx_HAL_Driver/Src/stm32f1xx_ll_usb.o
                0x000000000800233a                USB_DevDisconnect
 .text.USB_ReadInterrupts
                0x000000000800233e        0x6 Drivers/STM32F1xx_HAL_Driver/Src/stm32f1xx_ll_usb.o
                0x000000000800233e                USB_ReadInterrupts
 .text.USB_EP0_OutStart
                0x0000000008002344        0x4 Drivers/STM32F1xx_HAL_Driver/Src/stm32f1xx_ll_usb.o
                0x0000000008002344                USB_EP0_OutStart
 .text.USB_WritePMA
                0x0000000008002348       0x20 Drivers/STM32F1xx_HAL_Driver/Src/stm32f1xx_ll_usb.o
                0x0000000008002348                USB_WritePMA
 .text.USB_EPStartXfer
                0x0000000008002368      0x69c Drivers/STM32F1xx_HAL_Driver/Src/stm32f1xx_ll_usb.o
                0x0000000008002368                USB_EPStartXfer
 .text.USB_ReadPMA
                0x0000000008002a04       0x38 Drivers/STM32F1xx_HAL_Driver/Src/stm32f1xx_ll_usb.o
                0x0000000008002a04                USB_ReadPMA
 .text.USBD_CDC_EP0_RxReady
                0x0000000008002a3c       0x28 Middlewares/ST/STM32_USB_Device_Library/Class/CDC/Src/usbd_cdc.o
 .text.USBD_CDC_GetFSCfgDesc
                0x0000000008002a64        0xc Middlewares/ST/STM32_USB_Device_Library/Class/CDC/Src/usbd_cdc.o
 .text.USBD_CDC_GetHSCfgDesc
                0x0000000008002a70        0xc Middlewares/ST/STM32_USB_Device_Library/Class/CDC/Src/usbd_cdc.o
 .text.USBD_CDC_GetOtherSpeedCfgDesc
                0x0000000008002a7c        0xc Middlewares/ST/STM32_USB_Device_Library/Class/CDC/Src/usbd_cdc.o
 .text.USBD_CDC_GetDeviceQualifierDescriptor
                0x0000000008002a88        0xc Middlewares/ST/STM32_USB_Device_Library/Class/CDC/Src/usbd_cdc.o
                0x0000000008002a88                USBD_CDC_GetDeviceQualifierDescriptor
 .text.USBD_CDC_DataOut
                0x0000000008002a94       0x2e Middlewares/ST/STM32_USB_Device_Library/Class/CDC/Src/usbd_cdc.o
 .text.USBD_CDC_DataIn
                0x0000000008002ac2       0x42 Middlewares/ST/STM32_USB_Device_Library/Class/CDC/Src/usbd_cdc.o
 .text.USBD_CDC_Setup
                0x0000000008002b04       0xbc Middlewares/ST/STM32_USB_Device_Library/Class/CDC/Src/usbd_cdc.o
 .text.USBD_CDC_DeInit
                0x0000000008002bc0       0x42 Middlewares/ST/STM32_USB_Device_Library/Class/CDC/Src/usbd_cdc.o
 .text.USBD_CDC_Init
                0x0000000008002c02       0xa6 Middlewares/ST/STM32_USB_Device_Library/Class/CDC/Src/usbd_cdc.o
 .text.USBD_CDC_RegisterInterface
                0x0000000008002ca8        0xe Middlewares/ST/STM32_USB_Device_Library/Class/CDC/Src/usbd_cdc.o
                0x0000000008002ca8                USBD_CDC_RegisterInterface
 .text.USBD_CDC_SetTxBuffer
                0x0000000008002cb6       0x10 Middlewares/ST/STM32_USB_Device_Library/Class/CDC/Src/usbd_cdc.o
                0x0000000008002cb6                USBD_CDC_SetTxBuffer
 .text.USBD_CDC_SetRxBuffer
                0x0000000008002cc6        0xc Middlewares/ST/STM32_USB_Device_Library/Class/CDC/Src/usbd_cdc.o
                0x0000000008002cc6                USBD_CDC_SetRxBuffer
 .text.USBD_CDC_TransmitPacket
                0x0000000008002cd2       0x32 Middlewares/ST/STM32_USB_Device_Library/Class/CDC/Src/usbd_cdc.o
                0x0000000008002cd2                USBD_CDC_TransmitPacket
 .text.USBD_CDC_ReceivePacket
                0x0000000008002d04       0x26 Middlewares/ST/STM32_USB_Device_Library/Class/CDC/Src/usbd_cdc.o
                0x0000000008002d04                USBD_CDC_ReceivePacket
 .text.USBD_Init
                0x0000000008002d2a       0x2a Middlewares/ST/STM32_USB_Device_Library/Core/Src/usbd_core.o
                0x0000000008002d2a                USBD_Init
 .text.USBD_RegisterClass
                0x0000000008002d54        0xe Middlewares/ST/STM32_USB_Device_Library/Core/Src/usbd_core.o
                0x0000000008002d54                USBD_RegisterClass
 .text.USBD_Start
                0x0000000008002d62        0xa Middlewares/ST/STM32_USB_Device_Library/Core/Src/usbd_core.o
                0x0000000008002d62                USBD_Start
 .text.USBD_SetClassConfig
                0x0000000008002d6c       0x16 Middlewares/ST/STM32_USB_Device_Library/Core/Src/usbd_core.o
                0x0000000008002d6c                USBD_SetClassConfig
 .text.USBD_ClrClassConfig
                0x0000000008002d82        0xe Middlewares/ST/STM32_USB_Device_Library/Core/Src/usbd_core.o
                0x0000000008002d82                USBD_ClrClassConfig
 .text.USBD_LL_SetupStage
                0x0000000008002d90       0x5a Middlewares/ST/STM32_USB_Device_Library/Core/Src/usbd_core.o
                0x0000000008002d90                USBD_LL_SetupStage
 .text.USBD_LL_DataOutStage
                0x0000000008002dea       0x74 Middlewares/ST/STM32_USB_Device_Library/Core/Src/usbd_core.o
                0x0000000008002dea                USBD_LL_DataOutStage
 .text.USBD_LL_DataInStage
                0x0000000008002e5e       0xb6 Middlewares/ST/STM32_USB_Device_Library/Core/Src/usbd_core.o
                0x0000000008002e5e                USBD_LL_DataInStage
 .text.USBD_LL_Reset
                0x0000000008002f14       0x4e Middlewares/ST/STM32_USB_Device_Library/Core/Src/usbd_core.o
                0x0000000008002f14                USBD_LL_Reset
 .text.USBD_LL_SetSpeed
                0x0000000008002f62        0x6 Middlewares/ST/STM32_USB_Device_Library/Core/Src/usbd_core.o
                0x0000000008002f62                USBD_LL_SetSpeed
 .text.USBD_LL_Suspend
                0x0000000008002f68       0x12 Middlewares/ST/STM32_USB_Device_Library/Core/Src/usbd_core.o
                0x0000000008002f68                USBD_LL_Suspend
 .text.USBD_LL_Resume
                0x0000000008002f7a       0x14 Middlewares/ST/STM32_USB_Device_Library/Core/Src/usbd_core.o
                0x0000000008002f7a                USBD_LL_Resume
 .text.USBD_LL_SOF
                0x0000000008002f8e       0x18 Middlewares/ST/STM32_USB_Device_Library/Core/Src/usbd_core.o
                0x0000000008002f8e                USBD_LL_SOF
 .text.USBD_CtlError.constprop.1
                0x0000000008002fa6       0x16 Middlewares/ST/STM32_USB_Device_Library/Core/Src/usbd_ctlreq.o
 .text.USBD_StdDevReq
                0x0000000008002fbc      0x248 Middlewares/ST/STM32_USB_Device_Library/Core/Src/usbd_ctlreq.o
                0x0000000008002fbc                USBD_StdDevReq
 .text.USBD_StdItfReq
                0x0000000008003204       0x4a Middlewares/ST/STM32_USB_Device_Library/Core/Src/usbd_ctlreq.o
                0x0000000008003204                USBD_StdItfReq
 .text.USBD_StdEPReq
                0x000000000800324e      0x112 Middlewares/ST/STM32_USB_Device_Library/Core/Src/usbd_ctlreq.o
                0x000000000800324e                USBD_StdEPReq
 .text.USBD_ParseSetupRequest
                0x0000000008003360       0x28 Middlewares/ST/STM32_USB_Device_Library/Core/Src/usbd_ctlreq.o
                0x0000000008003360                USBD_ParseSetupRequest
 .text.USBD_CtlError
                0x0000000008003388       0x16 Middlewares/ST/STM32_USB_Device_Library/Core/Src/usbd_ctlreq.o
                0x0000000008003388                USBD_CtlError
 .text.USBD_GetString
                0x000000000800339e       0x38 Middlewares/ST/STM32_USB_Device_Library/Core/Src/usbd_ctlreq.o
                0x000000000800339e                USBD_GetString
 .text.USBD_CtlSendData
                0x00000000080033d6       0x1a Middlewares/ST/STM32_USB_Device_Library/Core/Src/usbd_ioreq.o
                0x00000000080033d6                USBD_CtlSendData
 .text.USBD_CtlContinueSendData
                0x00000000080033f0       0x10 Middlewares/ST/STM32_USB_Device_Library/Core/Src/usbd_ioreq.o
                0x00000000080033f0                USBD_CtlContinueSendData
 .text.USBD_CtlPrepareRx
                0x0000000008003400       0x1e Middlewares/ST/STM32_USB_Device_Library/Core/Src/usbd_ioreq.o
                0x0000000008003400                USBD_CtlPrepareRx
 .text.USBD_CtlContinueRx
                0x000000000800341e       0x10 Middlewares/ST/STM32_USB_Device_Library/Core/Src/usbd_ioreq.o
                0x000000000800341e                USBD_CtlContinueRx
 .text.USBD_CtlSendStatus
                0x000000000800342e       0x16 Middlewares/ST/STM32_USB_Device_Library/Core/Src/usbd_ioreq.o
                0x000000000800342e                USBD_CtlSendStatus
 .text.USBD_CtlReceiveStatus
                0x0000000008003444       0x16 Middlewares/ST/STM32_USB_Device_Library/Core/Src/usbd_ioreq.o
                0x0000000008003444                USBD_CtlReceiveStatus
 *fill*         0x000000000800345a        0x2 
 .text.MX_USB_DEVICE_Init
                0x000000000800345c       0x50 USB_DEVICE/App/usb_device.o
                0x000000000800345c                MX_USB_DEVICE_Init
 .text.CDC_DeInit_FS
                0x00000000080034ac        0x4 USB_DEVICE/App/usbd_cdc_if.o
 .text.CDC_Control_FS
                0x00000000080034b0        0x4 USB_DEVICE/App/usbd_cdc_if.o
 .text.CDC_Receive_FS
                0x00000000080034b4       0x28 USB_DEVICE/App/usbd_cdc_if.o
 .text.CDC_Init_FS
                0x00000000080034dc       0x28 USB_DEVICE/App/usbd_cdc_if.o
 .text.CDC_Transmit_FS
                0x0000000008003504       0x2c USB_DEVICE/App/usbd_cdc_if.o
                0x0000000008003504                CDC_Transmit_FS
 .text.USBD_FS_DeviceDescriptor
                0x0000000008003530        0xc USB_DEVICE/App/usbd_desc.o
                0x0000000008003530                USBD_FS_DeviceDescriptor
 .text.USBD_FS_LangIDStrDescriptor
                0x000000000800353c        0xc USB_DEVICE/App/usbd_desc.o
                0x000000000800353c                USBD_FS_LangIDStrDescriptor
 .text.IntToUnicode
                0x0000000008003548       0x2a USB_DEVICE/App/usbd_desc.o
 *fill*         0x0000000008003572        0x2 
 .text.USBD_FS_SerialStrDescriptor
                0x0000000008003574       0x40 USB_DEVICE/App/usbd_desc.o
                0x0000000008003574                USBD_FS_SerialStrDescriptor
 .text.USBD_FS_ManufacturerStrDescriptor
                0x00000000080035b4       0x1c USB_DEVICE/App/usbd_desc.o
                0x00000000080035b4                USBD_FS_ManufacturerStrDescriptor
 .text.USBD_FS_ProductStrDescriptor
                0x00000000080035d0       0x1c USB_DEVICE/App/usbd_desc.o
                0x00000000080035d0                USBD_FS_ProductStrDescriptor
 .text.USBD_FS_ConfigStrDescriptor
                0x00000000080035ec       0x1c USB_DEVICE/App/usbd_desc.o
                0x00000000080035ec                USBD_FS_ConfigStrDescriptor
 .text.USBD_FS_InterfaceStrDescriptor
                0x0000000008003608       0x1c USB_DEVICE/App/usbd_desc.o
                0x0000000008003608                USBD_FS_InterfaceStrDescriptor
 .text.HAL_PCD_MspInit
                0x0000000008003624       0x40 USB_DEVICE/Target/usbd_conf.o
                0x0000000008003624                HAL_PCD_MspInit
 .text.HAL_PCD_SetupStageCallback
                0x0000000008003664        0xc USB_DEVICE/Target/usbd_conf.o
                0x0000000008003664                HAL_PCD_SetupStageCallback
 .text.HAL_PCD_DataOutStageCallback
                0x0000000008003670       0x12 USB_DEVICE/Target/usbd_conf.o
                0x0000000008003670                HAL_PCD_DataOutStageCallback
 .text.HAL_PCD_DataInStageCallback
                0x0000000008003682       0x10 USB_DEVICE/Target/usbd_conf.o
                0x0000000008003682                HAL_PCD_DataInStageCallback
 .text.HAL_PCD_SOFCallback
                0x0000000008003692        0x8 USB_DEVICE/Target/usbd_conf.o
                0x0000000008003692                HAL_PCD_SOFCallback
 .text.HAL_PCD_ResetCallback
                0x000000000800369a       0x24 USB_DEVICE/Target/usbd_conf.o
                0x000000000800369a                HAL_PCD_ResetCallback
 *fill*         0x00000000080036be        0x2 
 .text.HAL_PCD_SuspendCallback
                0x00000000080036c0       0x20 USB_DEVICE/Target/usbd_conf.o
                0x00000000080036c0                HAL_PCD_SuspendCallback
 .text.HAL_PCD_ResumeCallback
                0x00000000080036e0        0x8 USB_DEVICE/Target/usbd_conf.o
                0x00000000080036e0                HAL_PCD_ResumeCallback
 .text.USBD_LL_Init
                0x00000000080036e8       0x84 USB_DEVICE/Target/usbd_conf.o
                0x00000000080036e8                USBD_LL_Init
 .text.USBD_LL_Start
                0x000000000800376c       0x1c USB_DEVICE/Target/usbd_conf.o
                0x000000000800376c                USBD_LL_Start
 .text.USBD_LL_OpenEP
                0x0000000008003788       0x20 USB_DEVICE/Target/usbd_conf.o
                0x0000000008003788                USBD_LL_OpenEP
 .text.USBD_LL_CloseEP
                0x00000000080037a8       0x1c USB_DEVICE/Target/usbd_conf.o
                0x00000000080037a8                USBD_LL_CloseEP
 .text.USBD_LL_StallEP
                0x00000000080037c4       0x1c USB_DEVICE/Target/usbd_conf.o
                0x00000000080037c4                USBD_LL_StallEP
 .text.USBD_LL_ClearStallEP
                0x00000000080037e0       0x1c USB_DEVICE/Target/usbd_conf.o
                0x00000000080037e0                USBD_LL_ClearStallEP
 .text.USBD_LL_IsStallEP
                0x00000000080037fc       0x24 USB_DEVICE/Target/usbd_conf.o
                0x00000000080037fc                USBD_LL_IsStallEP
 .text.USBD_LL_SetUSBAddress
                0x0000000008003820       0x1c USB_DEVICE/Target/usbd_conf.o
                0x0000000008003820                USBD_LL_SetUSBAddress
 .text.USBD_LL_Transmit
                0x000000000800383c       0x1c USB_DEVICE/Target/usbd_conf.o
                0x000000000800383c                USBD_LL_Transmit
 .text.USBD_LL_PrepareReceive
                0x0000000008003858       0x1c USB_DEVICE/Target/usbd_conf.o
                0x0000000008003858                USBD_LL_PrepareReceive
 .text.USBD_LL_GetRxDataSize
                0x0000000008003874        0x8 USB_DEVICE/Target/usbd_conf.o
                0x0000000008003874                USBD_LL_GetRxDataSize
 .text.USBD_static_malloc
                0x000000000800387c        0x8 USB_DEVICE/Target/usbd_conf.o
                0x000000000800387c                USBD_static_malloc
 .text.USBD_static_free
                0x0000000008003884        0x2 USB_DEVICE/Target/usbd_conf.o
                0x0000000008003884                USBD_static_free
 .text.HAL_PCDEx_SetConnectionState
                0x0000000008003886        0x2 USB_DEVICE/Target/usbd_conf.o
                0x0000000008003886                HAL_PCDEx_SetConnectionState
 .text.__libc_init_array
                0x0000000008003888       0x48 c:/st/stm32cubeide_1.3.0/stm32cubeide/plugins/com.st.stm32cube.ide.mcu.externaltools.gnu-tools-for-stm32.7-2018-q2-update.win32_1.0.0.201904181610/tools/bin/../lib/gcc/arm-none-eabi/7.3.1/../../../../arm-none-eabi/lib/thumb/v7-m\libc_nano.a(lib_a-init.o)
                0x0000000008003888                __libc_init_array
 .text.memset   0x00000000080038d0       0x10 c:/st/stm32cubeide_1.3.0/stm32cubeide/plugins/com.st.stm32cube.ide.mcu.externaltools.gnu-tools-for-stm32.7-2018-q2-update.win32_1.0.0.201904181610/tools/bin/../lib/gcc/arm-none-eabi/7.3.1/../../../../arm-none-eabi/lib/thumb/v7-m\libc_nano.a(lib_a-memset.o)
                0x00000000080038d0                memset
 *(.glue_7)
 .glue_7        0x00000000080038e0        0x0 linker stubs
 *(.glue_7t)
 .glue_7t       0x00000000080038e0        0x0 linker stubs
 *(.eh_frame)
 .eh_frame      0x00000000080038e0        0x0 c:/st/stm32cubeide_1.3.0/stm32cubeide/plugins/com.st.stm32cube.ide.mcu.externaltools.gnu-tools-for-stm32.7-2018-q2-update.win32_1.0.0.201904181610/tools/bin/../lib/gcc/arm-none-eabi/7.3.1/thumb/v7-m/crtbegin.o
 *(.init)
 .init          0x00000000080038e0        0x4 c:/st/stm32cubeide_1.3.0/stm32cubeide/plugins/com.st.stm32cube.ide.mcu.externaltools.gnu-tools-for-stm32.7-2018-q2-update.win32_1.0.0.201904181610/tools/bin/../lib/gcc/arm-none-eabi/7.3.1/thumb/v7-m/crti.o
                0x00000000080038e0                _init
 .init          0x00000000080038e4        0x8 c:/st/stm32cubeide_1.3.0/stm32cubeide/plugins/com.st.stm32cube.ide.mcu.externaltools.gnu-tools-for-stm32.7-2018-q2-update.win32_1.0.0.201904181610/tools/bin/../lib/gcc/arm-none-eabi/7.3.1/thumb/v7-m/crtn.o
 *(.fini)
 .fini          0x00000000080038ec        0x4 c:/st/stm32cubeide_1.3.0/stm32cubeide/plugins/com.st.stm32cube.ide.mcu.externaltools.gnu-tools-for-stm32.7-2018-q2-update.win32_1.0.0.201904181610/tools/bin/../lib/gcc/arm-none-eabi/7.3.1/thumb/v7-m/crti.o
                0x00000000080038ec                _fini
 .fini          0x00000000080038f0        0x8 c:/st/stm32cubeide_1.3.0/stm32cubeide/plugins/com.st.stm32cube.ide.mcu.externaltools.gnu-tools-for-stm32.7-2018-q2-update.win32_1.0.0.201904181610/tools/bin/../lib/gcc/arm-none-eabi/7.3.1/thumb/v7-m/crtn.o
                0x00000000080038f8                . = ALIGN (0x4)
                0x00000000080038f8                _etext = .

.vfp11_veneer   0x00000000080038f8        0x0
 .vfp11_veneer  0x00000000080038f8        0x0 linker stubs

.v4_bx          0x00000000080038f8        0x0
 .v4_bx         0x00000000080038f8        0x0 linker stubs

.iplt           0x00000000080038f8        0x0
 .iplt          0x00000000080038f8        0x0 c:/st/stm32cubeide_1.3.0/stm32cubeide/plugins/com.st.stm32cube.ide.mcu.externaltools.gnu-tools-for-stm32.7-2018-q2-update.win32_1.0.0.201904181610/tools/bin/../lib/gcc/arm-none-eabi/7.3.1/thumb/v7-m/crtbegin.o

.rodata         0x00000000080038f8       0x68
                0x00000000080038f8                . = ALIGN (0x4)
 *(.rodata)
 .rodata        0x00000000080038f8       0x10 Drivers/STM32F1xx_HAL_Driver/Src/stm32f1xx_hal_rcc.o
 *(.rodata*)
 .rodata.AHBPrescTable
                0x0000000008003908       0x10 Core/Src/system_stm32f1xx.o
                0x0000000008003908                AHBPrescTable
 .rodata.USBD_FS_ConfigStrDescriptor.str1.1
                0x0000000008003918        0xb USB_DEVICE/App/usbd_desc.o
 .rodata.USBD_FS_InterfaceStrDescriptor.str1.1
                0x0000000008003923        0xe USB_DEVICE/App/usbd_desc.o
 .rodata.USBD_FS_ManufacturerStrDescriptor.str1.1
                0x0000000008003931       0x13 USB_DEVICE/App/usbd_desc.o
 .rodata.USBD_FS_ProductStrDescriptor.str1.1
                0x0000000008003944       0x16 USB_DEVICE/App/usbd_desc.o
 .rodata.CSWTCH.3
                0x000000000800395a        0x4 USB_DEVICE/Target/usbd_conf.o
                0x0000000008003960                . = ALIGN (0x4)
 *fill*         0x000000000800395e        0x2 

.rel.dyn        0x0000000008003960        0x0
 .rel.iplt      0x0000000008003960        0x0 c:/st/stm32cubeide_1.3.0/stm32cubeide/plugins/com.st.stm32cube.ide.mcu.externaltools.gnu-tools-for-stm32.7-2018-q2-update.win32_1.0.0.201904181610/tools/bin/../lib/gcc/arm-none-eabi/7.3.1/thumb/v7-m/crtbegin.o

.ARM.extab      0x0000000008003960        0x0
                0x0000000008003960                . = ALIGN (0x4)
 *(.ARM.extab* .gnu.linkonce.armextab.*)
                0x0000000008003960                . = ALIGN (0x4)

.ARM            0x0000000008003960        0x0
                0x0000000008003960                . = ALIGN (0x4)
                0x0000000008003960                __exidx_start = .
 *(.ARM.exidx*)
                0x0000000008003960                __exidx_end = .
                0x0000000008003960                . = ALIGN (0x4)

.preinit_array  0x0000000008003960        0x0
                0x0000000008003960                . = ALIGN (0x4)
                0x0000000008003960                PROVIDE (__preinit_array_start = .)
 *(.preinit_array*)
                0x0000000008003960                PROVIDE (__preinit_array_end = .)
                0x0000000008003960                . = ALIGN (0x4)

.init_array     0x0000000008003960        0x4
                0x0000000008003960                . = ALIGN (0x4)
                0x0000000008003960                PROVIDE (__init_array_start = .)
 *(SORT_BY_NAME(.init_array.*))
 *(.init_array*)
 .init_array    0x0000000008003960        0x4 c:/st/stm32cubeide_1.3.0/stm32cubeide/plugins/com.st.stm32cube.ide.mcu.externaltools.gnu-tools-for-stm32.7-2018-q2-update.win32_1.0.0.201904181610/tools/bin/../lib/gcc/arm-none-eabi/7.3.1/thumb/v7-m/crtbegin.o
                0x0000000008003964                PROVIDE (__init_array_end = .)
                0x0000000008003964                . = ALIGN (0x4)

.fini_array     0x0000000008003964        0x4
                0x0000000008003964                . = ALIGN (0x4)
                [!provide]                        PROVIDE (__fini_array_start = .)
 *(SORT_BY_NAME(.fini_array.*))
 *(.fini_array*)
 .fini_array    0x0000000008003964        0x4 c:/st/stm32cubeide_1.3.0/stm32cubeide/plugins/com.st.stm32cube.ide.mcu.externaltools.gnu-tools-for-stm32.7-2018-q2-update.win32_1.0.0.201904181610/tools/bin/../lib/gcc/arm-none-eabi/7.3.1/thumb/v7-m/crtbegin.o
                [!provide]                        PROVIDE (__fini_array_end = .)
                0x0000000008003968                . = ALIGN (0x4)
                0x0000000008003968                _sidata = LOADADDR (.data)

.data           0x0000000020000000      0x17c load address 0x0000000008003968
                0x0000000020000000                . = ALIGN (0x4)
                0x0000000020000000                _sdata = .
 *(.data)
 *(.data*)
 .data.SystemCoreClock
                0x0000000020000000        0x4 Core/Src/system_stm32f1xx.o
                0x0000000020000000                SystemCoreClock
 .data.uwTickFreq
                0x0000000020000004        0x1 Drivers/STM32F1xx_HAL_Driver/Src/stm32f1xx_hal.o
                0x0000000020000004                uwTickFreq
 *fill*         0x0000000020000005        0x3 
 .data.uwTickPrio
                0x0000000020000008        0x4 Drivers/STM32F1xx_HAL_Driver/Src/stm32f1xx_hal.o
                0x0000000020000008                uwTickPrio
 .data.USBD_CDC
                0x000000002000000c       0x38 Middlewares/ST/STM32_USB_Device_Library/Class/CDC/Src/usbd_cdc.o
                0x000000002000000c                USBD_CDC
 .data.USBD_CDC_CfgFSDesc
                0x0000000020000044       0x43 Middlewares/ST/STM32_USB_Device_Library/Class/CDC/Src/usbd_cdc.o
                0x0000000020000044                USBD_CDC_CfgFSDesc
 *fill*         0x0000000020000087        0x1 
 .data.USBD_CDC_CfgHSDesc
                0x0000000020000088       0x43 Middlewares/ST/STM32_USB_Device_Library/Class/CDC/Src/usbd_cdc.o
                0x0000000020000088                USBD_CDC_CfgHSDesc
 *fill*         0x00000000200000cb        0x1 
 .data.USBD_CDC_DeviceQualifierDesc
                0x00000000200000cc        0xa Middlewares/ST/STM32_USB_Device_Library/Class/CDC/Src/usbd_cdc.o
 *fill*         0x00000000200000d6        0x2 
 .data.USBD_CDC_OtherSpeedCfgDesc
                0x00000000200000d8       0x43 Middlewares/ST/STM32_USB_Device_Library/Class/CDC/Src/usbd_cdc.o
                0x00000000200000d8                USBD_CDC_OtherSpeedCfgDesc
 *fill*         0x000000002000011b        0x1 
 .data.USBD_Interface_fops_FS
                0x000000002000011c       0x10 USB_DEVICE/App/usbd_cdc_if.o
                0x000000002000011c                USBD_Interface_fops_FS
 .data.FS_Desc  0x000000002000012c       0x1c USB_DEVICE/App/usbd_desc.o
                0x000000002000012c                FS_Desc
 .data.USBD_FS_DeviceDesc
                0x0000000020000148       0x12 USB_DEVICE/App/usbd_desc.o
                0x0000000020000148                USBD_FS_DeviceDesc
 *fill*         0x000000002000015a        0x2 
 .data.USBD_LangIDDesc
                0x000000002000015c        0x4 USB_DEVICE/App/usbd_desc.o
                0x000000002000015c                USBD_LangIDDesc
 .data.USBD_StringSerial
                0x0000000020000160       0x1a USB_DEVICE/App/usbd_desc.o
                0x0000000020000160                USBD_StringSerial
                0x000000002000017c                . = ALIGN (0x4)
 *fill*         0x000000002000017a        0x2 
                0x000000002000017c                _edata = .

.igot.plt       0x000000002000017c        0x0 load address 0x0000000008003ae4
 .igot.plt      0x000000002000017c        0x0 c:/st/stm32cubeide_1.3.0/stm32cubeide/plugins/com.st.stm32cube.ide.mcu.externaltools.gnu-tools-for-stm32.7-2018-q2-update.win32_1.0.0.201904181610/tools/bin/../lib/gcc/arm-none-eabi/7.3.1/thumb/v7-m/crtbegin.o
                0x000000002000017c                . = ALIGN (0x4)

.bss            0x0000000020000180      0xaa8 load address 0x0000000008003ae4
                0x0000000020000180                _sbss = .
                0x0000000020000180                __bss_start__ = _sbss
 *(.bss)
 .bss           0x0000000020000180       0x1c c:/st/stm32cubeide_1.3.0/stm32cubeide/plugins/com.st.stm32cube.ide.mcu.externaltools.gnu-tools-for-stm32.7-2018-q2-update.win32_1.0.0.201904181610/tools/bin/../lib/gcc/arm-none-eabi/7.3.1/thumb/v7-m/crtbegin.o
 *(.bss*)
 .bss.Read_end_flag
                0x000000002000019c        0x1 Core/Src/Memory.o
                0x000000002000019c                Read_end_flag
 .bss.cfgidx.7629
                0x000000002000019d        0x1 Middlewares/ST/STM32_USB_Device_Library/Core/Src/usbd_ctlreq.o
 .bss.USB_Rx_Flag
                0x000000002000019e        0x1 USB_DEVICE/App/usbd_cdc_if.o
                0x000000002000019e                USB_Rx_Flag
 *fill*         0x000000002000019f        0x1 
 .bss.mem.7694  0x00000000200001a0      0x220 USB_DEVICE/Target/usbd_conf.o
 *(COMMON)
 COMMON         0x00000000200003c0        0x8 Core/Src/Memory.o
                0x00000000200003c0                Current_Address
                0x00000000200003c4                Convert
 COMMON         0x00000000200003c8        0x8 Core/Src/main.o
                0x00000000200003c8                Jump_To_Application
                0x00000000200003cc                app_jump_address
 COMMON         0x00000000200003d0        0x4 Drivers/STM32F1xx_HAL_Driver/Src/stm32f1xx_hal.o
                0x00000000200003d0                uwTick
 *fill*         0x00000000200003d4        0x4 
 COMMON         0x00000000200003d8       0x20 Drivers/STM32F1xx_HAL_Driver/Src/stm32f1xx_hal_flash.o
                0x00000000200003d8                pFlash
 COMMON         0x00000000200003f8      0x2c4 USB_DEVICE/App/usb_device.o
                0x00000000200003f8                hUsbDeviceFS
 COMMON         0x00000000200006bc       0x80 USB_DEVICE/App/usbd_cdc_if.o
                0x00000000200006bc                UserRxBufferFS
                0x00000000200006fc                UserTxBufferFS
 COMMON         0x000000002000073c      0x200 USB_DEVICE/App/usbd_desc.o
                0x000000002000073c                USBD_StrDesc
 COMMON         0x000000002000093c      0x2ec USB_DEVICE/Target/usbd_conf.o
                0x000000002000093c                hpcd_USB_FS
                0x0000000020000c28                . = ALIGN (0x4)
                0x0000000020000c28                _ebss = .
                0x0000000020000c28                __bss_end__ = _ebss

._user_heap_stack
                0x0000000020000c28      0x600 load address 0x0000000008003ae4
                0x0000000020000c28                . = ALIGN (0x8)
                0x0000000020000c28                PROVIDE (end = .)
                [!provide]                        PROVIDE (_end = .)
                0x0000000020000e28                . = (. + _Min_Heap_Size)
 *fill*         0x0000000020000c28      0x200 
                0x0000000020001228                . = (. + _Min_Stack_Size)
 *fill*         0x0000000020000e28      0x400 
                0x0000000020001228                . = ALIGN (0x8)

/DISCARD/
 libc.a(*)
 libm.a(*)
 libgcc.a(*)

.ARM.attributes
                0x0000000000000000       0x29
 *(.ARM.attributes)
 .ARM.attributes
                0x0000000000000000       0x1d c:/st/stm32cubeide_1.3.0/stm32cubeide/plugins/com.st.stm32cube.ide.mcu.externaltools.gnu-tools-for-stm32.7-2018-q2-update.win32_1.0.0.201904181610/tools/bin/../lib/gcc/arm-none-eabi/7.3.1/thumb/v7-m/crti.o
 .ARM.attributes
                0x000000000000001d       0x2d c:/st/stm32cubeide_1.3.0/stm32cubeide/plugins/com.st.stm32cube.ide.mcu.externaltools.gnu-tools-for-stm32.7-2018-q2-update.win32_1.0.0.201904181610/tools/bin/../lib/gcc/arm-none-eabi/7.3.1/thumb/v7-m/crtbegin.o
 .ARM.attributes
                0x000000000000004a       0x33 Core/Src/Memory.o
 .ARM.attributes
                0x000000000000007d       0x33 Core/Src/main.o
 .ARM.attributes
                0x00000000000000b0       0x33 Core/Src/stm32f1xx_hal_msp.o
 .ARM.attributes
                0x00000000000000e3       0x33 Core/Src/stm32f1xx_it.o
 .ARM.attributes
                0x0000000000000116       0x33 Core/Src/system_stm32f1xx.o
 .ARM.attributes
                0x0000000000000149       0x21 Core/Startup/startup_stm32f103c8tx.o
 .ARM.attributes
                0x000000000000016a       0x33 Drivers/STM32F1xx_HAL_Driver/Src/stm32f1xx_hal.o
 .ARM.attributes
                0x000000000000019d       0x33 Drivers/STM32F1xx_HAL_Driver/Src/stm32f1xx_hal_cortex.o
 .ARM.attributes
                0x00000000000001d0       0x33 Drivers/STM32F1xx_HAL_Driver/Src/stm32f1xx_hal_flash.o
 .ARM.attributes
                0x0000000000000203       0x33 Drivers/STM32F1xx_HAL_Driver/Src/stm32f1xx_hal_flash_ex.o
 .ARM.attributes
                0x0000000000000236       0x33 Drivers/STM32F1xx_HAL_Driver/Src/stm32f1xx_hal_gpio.o
 .ARM.attributes
                0x0000000000000269       0x33 Drivers/STM32F1xx_HAL_Driver/Src/stm32f1xx_hal_pcd.o
 .ARM.attributes
                0x000000000000029c       0x33 Drivers/STM32F1xx_HAL_Driver/Src/stm32f1xx_hal_pcd_ex.o
 .ARM.attributes
                0x00000000000002cf       0x33 Drivers/STM32F1xx_HAL_Driver/Src/stm32f1xx_hal_rcc.o
 .ARM.attributes
                0x0000000000000302       0x33 Drivers/STM32F1xx_HAL_Driver/Src/stm32f1xx_hal_rcc_ex.o
 .ARM.attributes
                0x0000000000000335       0x33 Drivers/STM32F1xx_HAL_Driver/Src/stm32f1xx_ll_usb.o
 .ARM.attributes
                0x0000000000000368       0x33 Middlewares/ST/STM32_USB_Device_Library/Class/CDC/Src/usbd_cdc.o
 .ARM.attributes
                0x000000000000039b       0x33 Middlewares/ST/STM32_USB_Device_Library/Core/Src/usbd_core.o
 .ARM.attributes
                0x00000000000003ce       0x33 Middlewares/ST/STM32_USB_Device_Library/Core/Src/usbd_ctlreq.o
 .ARM.attributes
                0x0000000000000401       0x33 Middlewares/ST/STM32_USB_Device_Library/Core/Src/usbd_ioreq.o
 .ARM.attributes
                0x0000000000000434       0x33 USB_DEVICE/App/usb_device.o
 .ARM.attributes
                0x0000000000000467       0x33 USB_DEVICE/App/usbd_cdc_if.o
 .ARM.attributes
                0x000000000000049a       0x33 USB_DEVICE/App/usbd_desc.o
 .ARM.attributes
                0x00000000000004cd       0x33 USB_DEVICE/Target/usbd_conf.o
 .ARM.attributes
                0x0000000000000500       0x2d c:/st/stm32cubeide_1.3.0/stm32cubeide/plugins/com.st.stm32cube.ide.mcu.externaltools.gnu-tools-for-stm32.7-2018-q2-update.win32_1.0.0.201904181610/tools/bin/../lib/gcc/arm-none-eabi/7.3.1/../../../../arm-none-eabi/lib/thumb/v7-m\libc_nano.a(lib_a-init.o)
 .ARM.attributes
                0x000000000000052d       0x2d c:/st/stm32cubeide_1.3.0/stm32cubeide/plugins/com.st.stm32cube.ide.mcu.externaltools.gnu-tools-for-stm32.7-2018-q2-update.win32_1.0.0.201904181610/tools/bin/../lib/gcc/arm-none-eabi/7.3.1/../../../../arm-none-eabi/lib/thumb/v7-m\libc_nano.a(lib_a-memset.o)
 .ARM.attributes
                0x000000000000055a       0x1d c:/st/stm32cubeide_1.3.0/stm32cubeide/plugins/com.st.stm32cube.ide.mcu.externaltools.gnu-tools-for-stm32.7-2018-q2-update.win32_1.0.0.201904181610/tools/bin/../lib/gcc/arm-none-eabi/7.3.1/thumb/v7-m/crtn.o
OUTPUT(USB_Bootloader.elf elf32-littlearm)

.comment        0x0000000000000000       0x7b
 .comment       0x0000000000000000       0x7b Core/Src/Memory.o
                                         0x7c (size before relaxing)
 .comment       0x000000000000007b       0x7c Core/Src/main.o
 .comment       0x000000000000007b       0x7c Core/Src/stm32f1xx_hal_msp.o
 .comment       0x000000000000007b       0x7c Core/Src/stm32f1xx_it.o
 .comment       0x000000000000007b       0x7c Core/Src/system_stm32f1xx.o
 .comment       0x000000000000007b       0x7c Drivers/STM32F1xx_HAL_Driver/Src/stm32f1xx_hal.o
 .comment       0x000000000000007b       0x7c Drivers/STM32F1xx_HAL_Driver/Src/stm32f1xx_hal_cortex.o
 .comment       0x000000000000007b       0x7c Drivers/STM32F1xx_HAL_Driver/Src/stm32f1xx_hal_flash.o
 .comment       0x000000000000007b       0x7c Drivers/STM32F1xx_HAL_Driver/Src/stm32f1xx_hal_flash_ex.o
 .comment       0x000000000000007b       0x7c Drivers/STM32F1xx_HAL_Driver/Src/stm32f1xx_hal_gpio.o
 .comment       0x000000000000007b       0x7c Drivers/STM32F1xx_HAL_Driver/Src/stm32f1xx_hal_pcd.o
 .comment       0x000000000000007b       0x7c Drivers/STM32F1xx_HAL_Driver/Src/stm32f1xx_hal_pcd_ex.o
 .comment       0x000000000000007b       0x7c Drivers/STM32F1xx_HAL_Driver/Src/stm32f1xx_hal_rcc.o
 .comment       0x000000000000007b       0x7c Drivers/STM32F1xx_HAL_Driver/Src/stm32f1xx_hal_rcc_ex.o
 .comment       0x000000000000007b       0x7c Drivers/STM32F1xx_HAL_Driver/Src/stm32f1xx_ll_usb.o
 .comment       0x000000000000007b       0x7c Middlewares/ST/STM32_USB_Device_Library/Class/CDC/Src/usbd_cdc.o
 .comment       0x000000000000007b       0x7c Middlewares/ST/STM32_USB_Device_Library/Core/Src/usbd_core.o
 .comment       0x000000000000007b       0x7c Middlewares/ST/STM32_USB_Device_Library/Core/Src/usbd_ctlreq.o
 .comment       0x000000000000007b       0x7c Middlewares/ST/STM32_USB_Device_Library/Core/Src/usbd_ioreq.o
 .comment       0x000000000000007b       0x7c USB_DEVICE/App/usb_device.o
 .comment       0x000000000000007b       0x7c USB_DEVICE/App/usbd_cdc_if.o
 .comment       0x000000000000007b       0x7c USB_DEVICE/App/usbd_desc.o
 .comment       0x000000000000007b       0x7c USB_DEVICE/Target/usbd_conf.o

.debug_frame    0x0000000000000000       0x4c
 .debug_frame   0x0000000000000000       0x2c c:/st/stm32cubeide_1.3.0/stm32cubeide/plugins/com.st.stm32cube.ide.mcu.externaltools.gnu-tools-for-stm32.7-2018-q2-update.win32_1.0.0.201904181610/tools/bin/../lib/gcc/arm-none-eabi/7.3.1/../../../../arm-none-eabi/lib/thumb/v7-m\libc_nano.a(lib_a-init.o)
 .debug_frame   0x000000000000002c       0x20 c:/st/stm32cubeide_1.3.0/stm32cubeide/plugins/com.st.stm32cube.ide.mcu.externaltools.gnu-tools-for-stm32.7-2018-q2-update.win32_1.0.0.201904181610/tools/bin/../lib/gcc/arm-none-eabi/7.3.1/../../../../arm-none-eabi/lib/thumb/v7-m\libc_nano.a(lib_a-memset.o)
